###############################################################################
#
# IAR ELF Linker V8.50.1.245/W32 for ARM                  03/Dec/2024  15:47:44
# Copyright 2007-2020 IAR Systems AB.
#
#    Output file  =
#        C:\!école\Session_5\_ProjetFinal\Projet_5e_Usine\UniteDeGestion\EWARM\247-637
#        S-0001 V7\Exe\247-637 S-0001 V7.out
#    Map file     =
#        C:\!école\Session_5\_ProjetFinal\Projet_5e_Usine\UniteDeGestion\EWARM\247-637
#        S-0001 V7\List\247-637 S-0001 V7.map
#    Command line =
#        -f C:\Users\xavch\AppData\Local\Temp\EWE2A8.tmp
#        ("C:\!école\Session_5\_ProjetFinal\Projet_5e_Usine\UniteDeGestion\EWARM\247-637
#        S-0001 V7\Obj\main.o"
#        "C:\!école\Session_5\_ProjetFinal\Projet_5e_Usine\UniteDeGestion\EWARM\247-637
#        S-0001 V7\Obj\piloteCAN1.o"
#        "C:\!école\Session_5\_ProjetFinal\Projet_5e_Usine\UniteDeGestion\EWARM\247-637
#        S-0001 V7\Obj\piloteTimer6Up.o"
#        "C:\!école\Session_5\_ProjetFinal\Projet_5e_Usine\UniteDeGestion\EWARM\247-637
#        S-0001 V7\Obj\piloteUSART2.o"
#        "C:\!école\Session_5\_ProjetFinal\Projet_5e_Usine\UniteDeGestion\EWARM\247-637
#        S-0001 V7\Obj\ProcessusPasserelle.o"
#        "C:\!école\Session_5\_ProjetFinal\Projet_5e_Usine\UniteDeGestion\EWARM\247-637
#        S-0001 V7\Obj\serviceBaseDeTemps.o"
#        "C:\!école\Session_5\_ProjetFinal\Projet_5e_Usine\UniteDeGestion\EWARM\247-637
#        S-0001 V7\Obj\serviceinterface637.o"
#        "C:\!école\Session_5\_ProjetFinal\Projet_5e_Usine\UniteDeGestion\EWARM\247-637
#        S-0001 V7\Obj\serviceProtocole637.o"
#        "C:\!école\Session_5\_ProjetFinal\Projet_5e_Usine\UniteDeGestion\EWARM\247-637
#        S-0001 V7\Obj\startup_stm32f407xx.o"
#        "C:\!école\Session_5\_ProjetFinal\Projet_5e_Usine\UniteDeGestion\EWARM\247-637
#        S-0001 V7\Obj\stm32f4xx_hal.o"
#        "C:\!école\Session_5\_ProjetFinal\Projet_5e_Usine\UniteDeGestion\EWARM\247-637
#        S-0001 V7\Obj\stm32f4xx_hal_can.o"
#        "C:\!école\Session_5\_ProjetFinal\Projet_5e_Usine\UniteDeGestion\EWARM\247-637
#        S-0001 V7\Obj\stm32f4xx_hal_cortex.o"
#        "C:\!école\Session_5\_ProjetFinal\Projet_5e_Usine\UniteDeGestion\EWARM\247-637
#        S-0001 V7\Obj\stm32f4xx_hal_dma.o"
#        "C:\!école\Session_5\_ProjetFinal\Projet_5e_Usine\UniteDeGestion\EWARM\247-637
#        S-0001 V7\Obj\stm32f4xx_hal_dma_ex.o"
#        "C:\!école\Session_5\_ProjetFinal\Projet_5e_Usine\UniteDeGestion\EWARM\247-637
#        S-0001 V7\Obj\stm32f4xx_hal_exti.o"
#        "C:\!école\Session_5\_ProjetFinal\Projet_5e_Usine\UniteDeGestion\EWARM\247-637
#        S-0001 V7\Obj\stm32f4xx_hal_flash.o"
#        "C:\!école\Session_5\_ProjetFinal\Projet_5e_Usine\UniteDeGestion\EWARM\247-637
#        S-0001 V7\Obj\stm32f4xx_hal_flash_ex.o"
#        "C:\!école\Session_5\_ProjetFinal\Projet_5e_Usine\UniteDeGestion\EWARM\247-637
#        S-0001 V7\Obj\stm32f4xx_hal_flash_ramfunc.o"
#        "C:\!école\Session_5\_ProjetFinal\Projet_5e_Usine\UniteDeGestion\EWARM\247-637
#        S-0001 V7\Obj\stm32f4xx_hal_gpio.o"
#        "C:\!école\Session_5\_ProjetFinal\Projet_5e_Usine\UniteDeGestion\EWARM\247-637
#        S-0001 V7\Obj\stm32f4xx_hal_msp.o"
#        "C:\!école\Session_5\_ProjetFinal\Projet_5e_Usine\UniteDeGestion\EWARM\247-637
#        S-0001 V7\Obj\stm32f4xx_hal_pwr.o"
#        "C:\!école\Session_5\_ProjetFinal\Projet_5e_Usine\UniteDeGestion\EWARM\247-637
#        S-0001 V7\Obj\stm32f4xx_hal_pwr_ex.o"
#        "C:\!école\Session_5\_ProjetFinal\Projet_5e_Usine\UniteDeGestion\EWARM\247-637
#        S-0001 V7\Obj\stm32f4xx_hal_rcc.o"
#        "C:\!école\Session_5\_ProjetFinal\Projet_5e_Usine\UniteDeGestion\EWARM\247-637
#        S-0001 V7\Obj\stm32f4xx_hal_rcc_ex.o"
#        "C:\!école\Session_5\_ProjetFinal\Projet_5e_Usine\UniteDeGestion\EWARM\247-637
#        S-0001 V7\Obj\stm32f4xx_hal_tim.o"
#        "C:\!école\Session_5\_ProjetFinal\Projet_5e_Usine\UniteDeGestion\EWARM\247-637
#        S-0001 V7\Obj\stm32f4xx_hal_tim_ex.o"
#        "C:\!école\Session_5\_ProjetFinal\Projet_5e_Usine\UniteDeGestion\EWARM\247-637
#        S-0001 V7\Obj\stm32f4xx_hal_uart.o"
#        "C:\!école\Session_5\_ProjetFinal\Projet_5e_Usine\UniteDeGestion\EWARM\247-637
#        S-0001 V7\Obj\stm32f4xx_it.o"
#        "C:\!école\Session_5\_ProjetFinal\Projet_5e_Usine\UniteDeGestion\EWARM\247-637
#        S-0001 V7\Obj\system_stm32f4xx.o" --redirect _Printf=_PrintfFull
#        --redirect _Scanf=_ScanfFull --no_out_extension -o
#        "C:\!école\Session_5\_ProjetFinal\Projet_5e_Usine\UniteDeGestion\EWARM\247-637
#        S-0001 V7\Exe\247-637 S-0001 V7.out" --map
#        "C:\!école\Session_5\_ProjetFinal\Projet_5e_Usine\UniteDeGestion\EWARM\247-637
#        S-0001 V7\List\247-637 S-0001 V7.map" --config
#        C:\!école\Session_5\_ProjetFinal\Projet_5e_Usine\UniteDeGestion\EWARM/stm32f407xx_flash.icf
#        --semihosting --entry __iar_program_start --vfe --text_out locale)
#
###############################################################################

*******************************************************************************
*** RUNTIME MODEL ATTRIBUTES
***

CppFlavor       = *
__SystemLibrary = DLib
__dlib_version  = 6


*******************************************************************************
*** HEAP SELECTION
***

The basic heap was selected because no calls to memory allocation
functions were found in the application outside of system library
functions, and there are calls to deallocation functions in the
application.


*******************************************************************************
*** PLACEMENT SUMMARY
***

"A0":  place at address 0x800'0000 { ro section .intvec };
"P1":  place in [from 0x800'0000 to 0x80f'ffff] { ro };
define block CSTACK with size = 1K, alignment = 8 { };
define block HEAP with size = 512, alignment = 8 { };
"P2":  place in [from 0x2000'0000 to 0x2001'ffff] {
          rw, block CSTACK, block HEAP };
initialize by copy { rw };

  Section            Kind         Address    Size  Object
  -------            ----         -------    ----  ------
"A0":                                       0x188
  .intvec            ro code   0x800'0000   0x188  startup_stm32f407xx.o [1]
                             - 0x800'0188   0x188

"P1":                                      0x2038
  .text              ro code   0x800'0188   0x40e  main.o [1]
  .text              ro code   0x800'0596    0x3a  zero_init3.o [4]
  .text              ro code   0x800'05d0    0x28  piloteTimer6Up.o [1]
  .text              ro code   0x800'05f8    0x48  piloteUSART2.o [1]
  .text              ro code   0x800'0640    0x48  serviceBaseDeTemps.o [1]
  .text              ro code   0x800'0688   0x35c  serviceProtocole637.o [1]
  .text              ro code   0x800'09e4    0xcc  serviceinterface637.o [1]
  .text              ro code   0x800'0ab0    0x58  piloteCAN1.o [1]
  .text              ro code   0x800'0b08    0x34  stm32f4xx_hal.o [1]
  .text              ro code   0x800'0b3c    0x14  memset.o [4]
  .text              ro code   0x800'0b50   0x334  stm32f4xx_hal_rcc.o [1]
  .text              ro code   0x800'0e84   0x1c4  stm32f4xx_hal_rcc.o [1]
  .text              ro code   0x800'1048   0x284  stm32f4xx_hal_can.o [1]
  .text              ro code   0x800'12cc   0x304  stm32f4xx_hal_tim.o [1]
  .text              ro code   0x800'15d0    0x90  stm32f4xx_hal_tim_ex.o [1]
  .text              ro code   0x800'1660   0x138  stm32f4xx_hal_uart.o [1]
  .text              ro code   0x800'1798   0x1ec  stm32f4xx_hal_gpio.o [1]
  .text              ro code   0x800'1984    0xf0  stm32f4xx_hal_cortex.o [1]
  .text              ro code   0x800'1a74    0x48  stm32f4xx_hal.o [1]
  .text              ro code   0x800'1abc   0x158  stm32f4xx_hal_msp.o [1]
  .text              ro code   0x800'1c14    0x66  ABImemset.o [4]
  .text              ro code   0x800'1c7a    0x2e  copy_init3.o [4]
  .text              ro code   0x800'1ca8     0xc  stm32f4xx_hal.o [1]
  .text              ro code   0x800'1cb4   0x230  I64DivMod.o [4]
  .text              ro code   0x800'1ee4     0x2  stm32f4xx_hal_tim.o [1]
  .text              ro code   0x800'1ee6     0x2  stm32f4xx_hal_tim.o [1]
  .text              ro code   0x800'1ee8     0x2  stm32f4xx_hal_tim.o [1]
  .text              ro code   0x800'1eea     0x2  stm32f4xx_hal_tim_ex.o [1]
  .text              ro code   0x800'1eec     0x2  stm32f4xx_hal_tim.o [1]
  .text              ro code   0x800'1eee     0x2  stm32f4xx_hal_tim_ex.o [1]
  .text              ro code   0x800'1ef0     0x2  I64DivZer.o [4]
  .text              ro code   0x800'1ef4    0x60  system_stm32f4xx.o [1]
  .text              ro code   0x800'1f54    0x28  data_init.o [4]
  .text              ro code   0x800'1f7c    0x22  fpinit_M.o [3]
  .iar.init_table    const     0x800'1fa0    0x24  - Linker created -
  .text              ro code   0x800'1fc4    0x1e  cmain.o [4]
  .text              ro code   0x800'1fe2     0x4  low_level_init.o [2]
  .text              ro code   0x800'1fe6     0x4  exit.o [2]
  .text              ro code   0x800'1fec     0xa  cexit.o [4]
  .text              ro code   0x800'1ff8    0x14  exit.o [5]
  .text              ro code   0x800'200c    0x10  startup_stm32f407xx.o [1]
  .text              ro code   0x800'201c    0x10  stm32f4xx_hal.o [1]
  .text              ro code   0x800'202c    0x10  stm32f4xx_it.o [1]
  Initializer bytes  const     0x800'203c    0x10  <for P2-1>
  .text              ro code   0x800'204c     0xc  cstartup_M.o [4]
  .rodata            const     0x800'2058     0x8  system_stm32f4xx.o [1]
  .text              ro code   0x800'2060     0x4  startup_stm32f407xx.o [1]
  .text              ro code   0x800'2064     0x4  startup_stm32f407xx.o [1]
  .text              ro code   0x800'2068     0x4  startup_stm32f407xx.o [1]
  .text              ro code   0x800'206c     0x4  startup_stm32f407xx.o [1]
  .text              ro code   0x800'2070     0x4  startup_stm32f407xx.o [1]
  .text              ro code   0x800'2074     0x4  startup_stm32f407xx.o [1]
  .text              ro code   0x800'2078     0x4  startup_stm32f407xx.o [1]
  .text              ro code   0x800'207c     0x4  startup_stm32f407xx.o [1]
  .text              ro code   0x800'2080     0x4  startup_stm32f407xx.o [1]
  .text              ro code   0x800'2084     0x4  startup_stm32f407xx.o [1]
  .text              ro code   0x800'2088     0x4  startup_stm32f407xx.o [1]
  .text              ro code   0x800'208c     0x4  startup_stm32f407xx.o [1]
  .text              ro code   0x800'2090     0x4  startup_stm32f407xx.o [1]
  .text              ro code   0x800'2094     0x4  startup_stm32f407xx.o [1]
  .text              ro code   0x800'2098     0x4  startup_stm32f407xx.o [1]
  .text              ro code   0x800'209c     0x4  startup_stm32f407xx.o [1]
  .text              ro code   0x800'20a0     0x4  startup_stm32f407xx.o [1]
  .text              ro code   0x800'20a4     0x4  startup_stm32f407xx.o [1]
  .text              ro code   0x800'20a8     0x4  startup_stm32f407xx.o [1]
  .text              ro code   0x800'20ac     0x4  startup_stm32f407xx.o [1]
  .text              ro code   0x800'20b0     0x4  startup_stm32f407xx.o [1]
  .text              ro code   0x800'20b4     0x4  startup_stm32f407xx.o [1]
  .text              ro code   0x800'20b8     0x4  startup_stm32f407xx.o [1]
  .text              ro code   0x800'20bc     0x4  startup_stm32f407xx.o [1]
  .text              ro code   0x800'20c0     0x4  startup_stm32f407xx.o [1]
  .text              ro code   0x800'20c4     0x4  startup_stm32f407xx.o [1]
  .text              ro code   0x800'20c8     0x4  startup_stm32f407xx.o [1]
  .text              ro code   0x800'20cc     0x4  startup_stm32f407xx.o [1]
  .text              ro code   0x800'20d0     0x4  startup_stm32f407xx.o [1]
  .text              ro code   0x800'20d4     0x4  startup_stm32f407xx.o [1]
  .text              ro code   0x800'20d8     0x4  startup_stm32f407xx.o [1]
  .text              ro code   0x800'20dc     0x4  startup_stm32f407xx.o [1]
  .text              ro code   0x800'20e0     0x4  startup_stm32f407xx.o [1]
  .text              ro code   0x800'20e4     0x4  startup_stm32f407xx.o [1]
  .text              ro code   0x800'20e8     0x4  startup_stm32f407xx.o [1]
  .text              ro code   0x800'20ec     0x4  startup_stm32f407xx.o [1]
  .text              ro code   0x800'20f0     0x4  startup_stm32f407xx.o [1]
  .text              ro code   0x800'20f4     0x4  startup_stm32f407xx.o [1]
  .text              ro code   0x800'20f8     0x4  startup_stm32f407xx.o [1]
  .text              ro code   0x800'20fc     0x4  startup_stm32f407xx.o [1]
  .text              ro code   0x800'2100     0x4  startup_stm32f407xx.o [1]
  .text              ro code   0x800'2104     0x4  startup_stm32f407xx.o [1]
  .text              ro code   0x800'2108     0x4  startup_stm32f407xx.o [1]
  .text              ro code   0x800'210c     0x4  startup_stm32f407xx.o [1]
  .text              ro code   0x800'2110     0x4  startup_stm32f407xx.o [1]
  .text              ro code   0x800'2114     0x4  startup_stm32f407xx.o [1]
  .text              ro code   0x800'2118     0x4  startup_stm32f407xx.o [1]
  .text              ro code   0x800'211c     0x4  startup_stm32f407xx.o [1]
  .text              ro code   0x800'2120     0x4  startup_stm32f407xx.o [1]
  .text              ro code   0x800'2124     0x4  startup_stm32f407xx.o [1]
  .text              ro code   0x800'2128     0x4  startup_stm32f407xx.o [1]
  .text              ro code   0x800'212c     0x4  startup_stm32f407xx.o [1]
  .text              ro code   0x800'2130     0x4  startup_stm32f407xx.o [1]
  .text              ro code   0x800'2134     0x4  startup_stm32f407xx.o [1]
  .text              ro code   0x800'2138     0x4  startup_stm32f407xx.o [1]
  .text              ro code   0x800'213c     0x4  startup_stm32f407xx.o [1]
  .text              ro code   0x800'2140     0x4  startup_stm32f407xx.o [1]
  .text              ro code   0x800'2144     0x4  startup_stm32f407xx.o [1]
  .text              ro code   0x800'2148     0x4  startup_stm32f407xx.o [1]
  .text              ro code   0x800'214c     0x4  startup_stm32f407xx.o [1]
  .text              ro code   0x800'2150     0x4  startup_stm32f407xx.o [1]
  .text              ro code   0x800'2154     0x4  startup_stm32f407xx.o [1]
  .text              ro code   0x800'2158     0x4  startup_stm32f407xx.o [1]
  .text              ro code   0x800'215c     0x4  startup_stm32f407xx.o [1]
  .text              ro code   0x800'2160     0x4  startup_stm32f407xx.o [1]
  .text              ro code   0x800'2164     0x4  startup_stm32f407xx.o [1]
  .text              ro code   0x800'2168     0x4  startup_stm32f407xx.o [1]
  .text              ro code   0x800'216c     0x4  startup_stm32f407xx.o [1]
  .text              ro code   0x800'2170     0x4  startup_stm32f407xx.o [1]
  .text              ro code   0x800'2174     0x4  startup_stm32f407xx.o [1]
  .text              ro code   0x800'2178     0x4  startup_stm32f407xx.o [1]
  .text              ro code   0x800'217c     0x4  startup_stm32f407xx.o [1]
  .text              ro code   0x800'2180     0x4  startup_stm32f407xx.o [1]
  .text              ro code   0x800'2184     0x4  startup_stm32f407xx.o [1]
  .text              ro code   0x800'2188     0x4  startup_stm32f407xx.o [1]
  .text              ro code   0x800'218c     0x4  startup_stm32f407xx.o [1]
  .text              ro code   0x800'2190     0x4  startup_stm32f407xx.o [1]
  .text              ro code   0x800'2194     0x4  startup_stm32f407xx.o [1]
  .text              ro code   0x800'2198     0x4  startup_stm32f407xx.o [1]
  .text              ro code   0x800'219c     0x4  startup_stm32f407xx.o [1]
  .text              ro code   0x800'21a0     0x4  startup_stm32f407xx.o [1]
  .text              ro code   0x800'21a4     0x4  startup_stm32f407xx.o [1]
  .text              ro code   0x800'21a8     0x4  startup_stm32f407xx.o [1]
  .text              ro code   0x800'21ac     0x4  startup_stm32f407xx.o [1]
  .text              ro code   0x800'21b0     0x4  startup_stm32f407xx.o [1]
  .text              ro code   0x800'21b4     0x4  startup_stm32f407xx.o [1]
  .text              ro code   0x800'21b8     0x4  startup_stm32f407xx.o [1]
  .text              ro code   0x800'21bc     0x4  startup_stm32f407xx.o [1]
  .rodata            const     0x800'21c0     0x0  zero_init3.o [4]
  .rodata            const     0x800'21c0     0x0  copy_init3.o [4]
                             - 0x800'21c0  0x2038

"P2", part 1 of 3:                           0x10
  P2-1                        0x2000'0000    0x10  <Init block>
    .data            inited   0x2000'0000     0xc  stm32f4xx_hal.o [1]
    .data            inited   0x2000'000c     0x4  system_stm32f4xx.o [1]
                            - 0x2000'0010    0x10

"P2", part 2 of 3:                          0x158
  .bss               zero     0x2000'0010    0x48  main.o [1]
  .bss               zero     0x2000'0058    0x48  main.o [1]
  .bss               zero     0x2000'00a0    0x44  piloteCAN1.o [1]
  .bss               zero     0x2000'00e4    0x28  main.o [1]
  .bss               zero     0x2000'010c    0x28  serviceProtocole637.o [1]
  .bss               zero     0x2000'0134    0x1c  serviceBaseDeTemps.o [1]
  .bss               zero     0x2000'0150     0xc  serviceinterface637.o [1]
  .bss               zero     0x2000'015c     0x4  piloteTimer6Up.o [1]
  .bss               zero     0x2000'0160     0x4  serviceProtocole637.o [1]
  .bss               zero     0x2000'0164     0x2  serviceProtocole637.o [1]
  .bss               zero     0x2000'0166     0x2  serviceProtocole637.o [1]
                            - 0x2000'0168   0x158

"P2", part 3 of 3:                          0x400
  CSTACK                      0x2000'0168   0x400  <Block>
    CSTACK           uninit   0x2000'0168   0x400  <Block tail>
                            - 0x2000'0568   0x400

Unused ranges:

         From           To      Size
         ----           --      ----
   0x800'21c0   0x80f'ffff  0xf'de40
  0x2000'0568  0x2001'ffff  0x1'fa98


*******************************************************************************
*** INIT TABLE
***

          Address      Size
          -------      ----
Zero (__iar_zero_init3)
    1 destination range, total size 0x158:
          0x2000'0010  0x158

Copy (__iar_copy_init3)
    1 source range, total size 0x10:
           0x800'203c   0x10
    1 destination range, total size 0x10:
          0x2000'0000   0x10



*******************************************************************************
*** MODULE SUMMARY
***

    Module                  ro code  ro data  rw data
    ------                  -------  -------  -------
command line/config:
    -------------------------------------------------
    Total:

C:\!école\Session_5\_ProjetFinal\Projet_5e_Usine\UniteDeGestion\EWARM\247-637 S-0001 V7\Obj: [1]
    main.o                    1'038               184
    piloteCAN1.o                 88                68
    piloteTimer6Up.o             40                 4
    piloteUSART2.o               72
    serviceBaseDeTemps.o         72                28
    serviceProtocole637.o       860                48
    serviceinterface637.o       204                12
    startup_stm32f407xx.o       760
    stm32f4xx_hal.o             152       12       12
    stm32f4xx_hal_can.o         644
    stm32f4xx_hal_cortex.o      240
    stm32f4xx_hal_gpio.o        492
    stm32f4xx_hal_msp.o         344
    stm32f4xx_hal_rcc.o       1'272
    stm32f4xx_hal_tim.o         780
    stm32f4xx_hal_tim_ex.o      148
    stm32f4xx_hal_uart.o        312
    stm32f4xx_it.o               16
    system_stm32f4xx.o           96       12        4
    -------------------------------------------------
    Total:                    7'630       24      360

dl7M_tln.a: [2]
    exit.o                        4
    low_level_init.o              4
    -------------------------------------------------
    Total:                        8

m7M_tls.a: [3]
    fpinit_M.o                   34
    -------------------------------------------------
    Total:                       34

rt7M_tl.a: [4]
    ABImemset.o                 102
    I64DivMod.o                 560
    I64DivZer.o                   2
    cexit.o                      10
    cmain.o                      30
    copy_init3.o                 46
    cstartup_M.o                 12
    data_init.o                  40
    memset.o                     20
    zero_init3.o                 58
    -------------------------------------------------
    Total:                      880

shb_l.a: [5]
    exit.o                       20
    -------------------------------------------------
    Total:                       20

    Gaps                          6        2
    Linker created                        36    1'024
-----------------------------------------------------
    Grand Total:              8'578       62    1'384


*******************************************************************************
*** ENTRY LIST
***

Entry                       Address   Size  Type      Object
-----                       -------   ----  ----      ------
.iar.init_table$$Base    0x800'1fa0          --   Gb  - Linker created -
.iar.init_table$$Limit   0x800'1fc4          --   Gb  - Linker created -
?main                    0x800'1fc5         Code  Gb  cmain.o [4]
AHBPrescTable            0x800'1f44   0x10  Data  Gb  system_stm32f4xx.o [1]
APBPrescTable            0x800'2058    0x8  Data  Gb  system_stm32f4xx.o [1]
CSTACK$$Base            0x2000'0168          --   Gb  - Linker created -
CSTACK$$Limit           0x2000'0568          --   Gb  - Linker created -
Error_Handler            0x800'0595    0x2  Code  Gb  main.o [1]
HAL_CAN_ConfigFilter     0x800'117b   0xf0  Code  Gb  stm32f4xx_hal_can.o [1]
HAL_CAN_Init             0x800'1049  0x132  Code  Gb  stm32f4xx_hal_can.o [1]
HAL_CAN_MspInit          0x800'1af5   0x66  Code  Gb  stm32f4xx_hal_msp.o [1]
HAL_CAN_Start            0x800'126b   0x58  Code  Gb  stm32f4xx_hal_can.o [1]
HAL_GPIO_Init            0x800'1799  0x1b2  Code  Gb  stm32f4xx_hal_gpio.o [1]
HAL_GPIO_WritePin        0x800'194b    0xe  Code  Gb  stm32f4xx_hal_gpio.o [1]
HAL_GetTick              0x800'1ca9    0xc  Code  Wk  stm32f4xx_hal.o [1]
HAL_IncTick              0x800'201d   0x10  Code  Wk  stm32f4xx_hal.o [1]
HAL_Init                 0x800'0b09   0x30  Code  Gb  stm32f4xx_hal.o [1]
HAL_InitTick             0x800'1a75   0x48  Code  Wk  stm32f4xx_hal.o [1]
HAL_MspInit              0x800'1abd   0x38  Code  Gb  stm32f4xx_hal_msp.o [1]
HAL_NVIC_EnableIRQ       0x800'1a57    0x2  Code  Gb  stm32f4xx_hal_cortex.o [1]
HAL_NVIC_SetPriority     0x800'1a39   0x1e  Code  Gb  stm32f4xx_hal_cortex.o [1]
HAL_NVIC_SetPriorityGrouping
                         0x800'1a37    0x2  Code  Gb  stm32f4xx_hal_cortex.o [1]
HAL_RCC_ClockConfig      0x800'0e85  0x110  Code  Gb  stm32f4xx_hal_rcc.o [1]
HAL_RCC_GetHCLKFreq      0x800'0f95    0x6  Code  Gb  stm32f4xx_hal_rcc.o [1]
HAL_RCC_GetPCLK1Freq     0x800'0f9b   0x16  Code  Gb  stm32f4xx_hal_rcc.o [1]
HAL_RCC_GetPCLK2Freq     0x800'0fb1   0x16  Code  Gb  stm32f4xx_hal_rcc.o [1]
HAL_RCC_OscConfig        0x800'0b51  0x334  Code  Wk  stm32f4xx_hal_rcc.o [1]
HAL_SYSTICK_Config       0x800'1a59    0x2  Code  Gb  stm32f4xx_hal_cortex.o [1]
HAL_TIMEx_BreakCallback
                         0x800'1eeb    0x2  Code  Wk  stm32f4xx_hal_tim_ex.o [1]
HAL_TIMEx_CommutCallback
                         0x800'1eef    0x2  Code  Wk  stm32f4xx_hal_tim_ex.o [1]
HAL_TIMEx_MasterConfigSynchronization
                         0x800'15d1   0x70  Code  Gb  stm32f4xx_hal_tim_ex.o [1]
HAL_TIM_Base_Init        0x800'12cd   0x44  Code  Gb  stm32f4xx_hal_tim.o [1]
HAL_TIM_Base_MspInit     0x800'1b5b   0x38  Code  Gb  stm32f4xx_hal_msp.o [1]
HAL_TIM_Base_Start_IT    0x800'1311   0x7c  Code  Gb  stm32f4xx_hal_tim.o [1]
HAL_TIM_IRQHandler       0x800'13a9  0x13a  Code  Gb  stm32f4xx_hal_tim.o [1]
HAL_TIM_PeriodElapsedCallback
                         0x800'05d1    0xe  Code  Gb  piloteTimer6Up.o [1]
HAL_UART_Init            0x800'1661   0x60  Code  Gb  stm32f4xx_hal_uart.o [1]
HAL_UART_MspInit         0x800'1b93   0x66  Code  Gb  stm32f4xx_hal_msp.o [1]
MX_CAN1_Init             0x800'027d   0x38  Code  Lc  main.o [1]
MX_GPIO_Init             0x800'032f  0x22c  Code  Lc  main.o [1]
MX_TIM6_Init             0x800'02b5   0x4a  Code  Lc  main.o [1]
MX_USART2_UART_Init      0x800'02ff   0x30  Code  Lc  main.o [1]
NVIC_EncodePriority      0x800'19d9   0x36  Code  Lc  stm32f4xx_hal_cortex.o [1]
Region$$Table$$Base      0x800'1fa0          --   Gb  - Linker created -
Region$$Table$$Limit     0x800'1fc4          --   Gb  - Linker created -
SysTick_Config           0x800'1a0f   0x28  Code  Lc  stm32f4xx_hal_cortex.o [1]
SysTick_Handler          0x800'202d    0x4  Code  Gb  stm32f4xx_it.o [1]
SystemClock_Config       0x800'01d7   0xa6  Code  Gb  main.o [1]
SystemCoreClock         0x2000'000c    0x4  Data  Gb  system_stm32f4xx.o [1]
SystemInit               0x800'1ef5   0x3a  Code  Gb  system_stm32f4xx.o [1]
TIM6_DAC_IRQHandler      0x800'2031    0x6  Code  Gb  stm32f4xx_it.o [1]
TIM_Base_SetConfig       0x800'14e3   0xc0  Code  Gb  stm32f4xx_hal_tim.o [1]
UART_SetConfig           0x800'16c1   0xca  Code  Lc  stm32f4xx_hal_uart.o [1]
__NVIC_EnableIRQ         0x800'19a9   0x16  Code  Lc  stm32f4xx_hal_cortex.o [1]
__NVIC_GetPriorityGrouping
                         0x800'199f    0xa  Code  Lc  stm32f4xx_hal_cortex.o [1]
__NVIC_SetPriority       0x800'19bf   0x1a  Code  Lc  stm32f4xx_hal_cortex.o [1]
__NVIC_SetPriorityGrouping
                         0x800'1985   0x1a  Code  Lc  stm32f4xx_hal_cortex.o [1]
__aeabi_ldiv0            0x800'1ef1         Code  Gb  I64DivZer.o [4]
__aeabi_memset           0x800'1c15         Code  Gb  ABImemset.o [4]
__aeabi_uldivmod         0x800'1cb5         Code  Gb  I64DivMod.o [4]
__cmain                  0x800'1fc5         Code  Gb  cmain.o [4]
__exit                   0x800'1ff9   0x14  Code  Gb  exit.o [5]
__iar_Memset             0x800'1c15         Code  Gb  ABImemset.o [4]
__iar_Memset_word        0x800'1c1d         Code  Gb  ABImemset.o [4]
__iar_copy_init3         0x800'1c7b   0x2e  Code  Gb  copy_init3.o [4]
__iar_data_init3         0x800'1f55   0x28  Code  Gb  data_init.o [4]
__iar_init_vfp           0x800'1f7d         Code  Gb  fpinit_M.o [3]
__iar_program_start      0x800'204d         Code  Gb  cstartup_M.o [4]
__iar_zero_init3         0x800'0597   0x3a  Code  Gb  zero_init3.o [4]
__low_level_init         0x800'1fe3    0x4  Code  Gb  low_level_init.o [2]
__vector_table           0x800'0000         Data  Gb  startup_stm32f407xx.o [1]
_call_main               0x800'1fd1         Code  Gb  cmain.o [4]
_exit                    0x800'1fed         Code  Gb  cexit.o [4]
_main                    0x800'1fdf         Code  Gb  cmain.o [4]
exit                     0x800'1fe7    0x4  Code  Gb  exit.o [2]
hcan1                   0x2000'00e4   0x28  Data  Gb  main.o [1]
htim6                   0x2000'0010   0x48  Data  Gb  main.o [1]
huart2                  0x2000'0058   0x48  Data  Gb  main.o [1]
interfaceS0008          0x2000'0150    0xc  Data  Gb  serviceinterface637.o [1]
interfaceS0008_gereLaReception
                         0x800'0a39   0x30  Code  Gb  serviceinterface637.o [1]
interfaceS0008_gereLaTransmission
                         0x800'0a69   0x20  Code  Gb  serviceinterface637.o [1]
interfaceS0008_initialise
                         0x800'0a89   0x14  Code  Gb  serviceinterface637.o [1]
interfaceS0008_prepareLaTransmission
                         0x800'0a1d   0x1c  Code  Gb  serviceinterface637.o [1]
interfaceS0008_recupereLesDonneesRecues
                         0x800'09e5   0x18  Code  Gb  serviceinterface637.o [1]
interfaceS0008_valideLaReception
                         0x800'09fd   0x20  Code  Gb  serviceinterface637.o [1]
main                     0x800'01b3   0x24  Code  Gb  main.o [1]
main_initialiseApresLeHAL
                         0x800'01a3    0xe  Code  Gb  main.o [1]
main_initialiseAvantLeHAL
                         0x800'0189   0x1a  Code  Gb  main.o [1]
memset                   0x800'0b3d   0x14  Code  Gb  memset.o [4]
neFaitRien               0x800'01b1    0x2  Code  Gb  main.o [1]
piloteCAN1_CasierPostal
                        0x2000'00e0    0x4  Data  Gb  piloteCAN1.o [1]
piloteCAN1_filtre       0x2000'00b8   0x28  Data  Gb  piloteCAN1.o [1]
piloteCAN1_initialise    0x800'0ab1   0x50  Code  Gb  piloteCAN1.o [1]
piloteCAN1_transmission
                        0x2000'00a0   0x18  Data  Gb  piloteCAN1.o [1]
piloteTimer6Up_execute  0x2000'015c    0x4  Data  Gb  piloteTimer6Up.o [1]
piloteTimer6Up_initialise
                         0x800'05e5    0x8  Code  Gb  piloteTimer6Up.o [1]
piloteTimer6Up_permetLesInterruptions
                         0x800'05df    0x6  Code  Gb  piloteTimer6Up.o [1]
piloteUSART2_confirmeLaReception
                         0x800'0619    0xc  Code  Gb  piloteUSART2.o [1]
piloteUSART2_initialise
                         0x800'0625   0x14  Code  Gb  piloteUSART2.o [1]
piloteUSART2_litUnOctetRecu
                         0x800'0607    0xa  Code  Gb  piloteUSART2.o [1]
piloteUSART2_octetDisponible
                         0x800'05f9    0xe  Code  Gb  piloteUSART2.o [1]
piloteUSART2_transmet    0x800'0611    0x8  Code  Gb  piloteUSART2.o [1]
serviceBaseDeTemps_execute
                        0x2000'0134   0x1c  Data  Gb  serviceBaseDeTemps.o [1]
serviceBaseDeTemps_gere
                         0x800'0641   0x1a  Code  Gb  serviceBaseDeTemps.o [1]
serviceBaseDeTemps_initialise
                         0x800'065b   0x1e  Code  Gb  serviceBaseDeTemps.o [1]
serviceProtocole637     0x2000'010c   0x28  Data  Gb  serviceProtocole637.o [1]
serviceProtocole637_attendLaLongueur
                         0x800'07b5   0x66  Code  Gb  serviceProtocole637.o [1]
serviceProtocole637_attendUnChecksum
                         0x800'08f1   0x5c  Code  Gb  serviceProtocole637.o [1]
serviceProtocole637_attendUnDebut
                         0x800'0787   0x2c  Code  Gb  serviceProtocole637.o [1]
serviceProtocole637_attendUnZero
                         0x800'0889   0x66  Code  Gb  serviceProtocole637.o [1]
serviceProtocole637_attendUneDonnee
                         0x800'081d   0x6c  Code  Gb  serviceProtocole637.o [1]
serviceProtocole637_attendUneRequete
                         0x800'0689   0x26  Code  Gb  serviceProtocole637.o [1]
serviceProtocole637_checksumDeReception
                        0x2000'0163    0x1  Data  Gb  serviceProtocole637.o [1]
serviceProtocole637_checksumDeTransmission
                        0x2000'0167    0x1  Data  Gb  serviceProtocole637.o [1]
serviceProtocole637_compteurDeReceptions
                        0x2000'0160    0x1  Data  Gb  serviceProtocole637.o [1]
serviceProtocole637_compteurDeSynchronisationDesReceptions
                        0x2000'0165    0x1  Data  Gb  serviceProtocole637.o [1]
serviceProtocole637_compteurDeSynchronisationDesTransmissions
                        0x2000'0164    0x1  Data  Gb  serviceProtocole637.o [1]
serviceProtocole637_compteurDeTempsDAttente
                        0x2000'0161    0x1  Data  Gb  serviceProtocole637.o [1]
serviceProtocole637_compteurDeTransmissions
                        0x2000'0166    0x1  Data  Gb  serviceProtocole637.o [1]
serviceProtocole637_gereLaSynchronisationDesReceptions
                         0x800'094d   0x1a  Code  Gb  serviceProtocole637.o [1]
serviceProtocole637_gereLaSynchronisationDesTransmissions
                         0x800'076d   0x1a  Code  Gb  serviceProtocole637.o [1]
serviceProtocole637_gereLeTempsDAttente
                         0x800'0967   0x14  Code  Gb  serviceProtocole637.o [1]
serviceProtocole637_gereUneReception
                         0x800'097b   0x1e  Code  Gb  serviceProtocole637.o [1]
serviceProtocole637_initialise
                         0x800'0999   0x26  Code  Gb  serviceProtocole637.o [1]
serviceProtocole637_reception
                        0x2000'0162    0x1  Data  Gb  serviceProtocole637.o [1]
serviceProtocole637_transmetLaLongueur
                         0x800'06b1   0x26  Code  Gb  serviceProtocole637.o [1]
serviceProtocole637_transmetUnChecksum
                         0x800'074d   0x20  Code  Gb  serviceProtocole637.o [1]
serviceProtocole637_transmetUnZero
                         0x800'0721   0x2c  Code  Gb  serviceProtocole637.o [1]
serviceProtocole637_transmetUneDonnee
                         0x800'06d9   0x46  Code  Gb  serviceProtocole637.o [1]
uwTick                  0x2000'0004    0x4  Data  Gb  stm32f4xx_hal.o [1]
uwTickFreq              0x2000'0000    0x1  Data  Gb  stm32f4xx_hal.o [1]
uwTickPrio              0x2000'0008    0x4  Data  Gb  stm32f4xx_hal.o [1]


[1] = C:\!école\Session_5\_ProjetFinal\Projet_5e_Usine\UniteDeGestion\EWARM\247-637 S-0001 V7\Obj
[2] = dl7M_tln.a
[3] = m7M_tls.a
[4] = rt7M_tl.a
[5] = shb_l.a

  8'578 bytes of readonly  code memory
     62 bytes of readonly  data memory
  1'384 bytes of readwrite data memory

Errors: none
Warnings: none
