###############################################################################
#
# IAR ELF Linker V8.50.1.245/W32 for ARM                  05/Dec/2024  14:28:48
# Copyright 2007-2020 IAR Systems AB.
#
#    Output file  =
#        C:\!école\Session_5\_ProjetFinal\Projet_5e_Usine\UniteDeGestion\EWARM\247-637
#        S-0001 V7\Exe\247-637 S-0001 V7.out
#    Map file     =
#        C:\!école\Session_5\_ProjetFinal\Projet_5e_Usine\UniteDeGestion\EWARM\247-637
#        S-0001 V7\List\247-637 S-0001 V7.map
#    Command line =
#        -f C:\Users\xavch\AppData\Local\Temp\EW6CD4.tmp
#        ("C:\!école\Session_5\_ProjetFinal\Projet_5e_Usine\UniteDeGestion\EWARM\247-637
#        S-0001 V7\Obj\main.o"
#        "C:\!école\Session_5\_ProjetFinal\Projet_5e_Usine\UniteDeGestion\EWARM\247-637
#        S-0001 V7\Obj\piloteCAN1.o"
#        "C:\!école\Session_5\_ProjetFinal\Projet_5e_Usine\UniteDeGestion\EWARM\247-637
#        S-0001 V7\Obj\piloteTimer6Up.o"
#        "C:\!école\Session_5\_ProjetFinal\Projet_5e_Usine\UniteDeGestion\EWARM\247-637
#        S-0001 V7\Obj\piloteUSART2.o"
#        "C:\!école\Session_5\_ProjetFinal\Projet_5e_Usine\UniteDeGestion\EWARM\247-637
#        S-0001 V7\Obj\ProcessusPasserelle.o"
#        "C:\!école\Session_5\_ProjetFinal\Projet_5e_Usine\UniteDeGestion\EWARM\247-637
#        S-0001 V7\Obj\serviceBaseDeTemps.o"
#        "C:\!école\Session_5\_ProjetFinal\Projet_5e_Usine\UniteDeGestion\EWARM\247-637
#        S-0001 V7\Obj\serviceinterface637.o"
#        "C:\!école\Session_5\_ProjetFinal\Projet_5e_Usine\UniteDeGestion\EWARM\247-637
#        S-0001 V7\Obj\serviceProtocole637.o"
#        "C:\!école\Session_5\_ProjetFinal\Projet_5e_Usine\UniteDeGestion\EWARM\247-637
#        S-0001 V7\Obj\serviceProtocoleCAN.o"
#        "C:\!école\Session_5\_ProjetFinal\Projet_5e_Usine\UniteDeGestion\EWARM\247-637
#        S-0001 V7\Obj\startup_stm32f407xx.o"
#        "C:\!école\Session_5\_ProjetFinal\Projet_5e_Usine\UniteDeGestion\EWARM\247-637
#        S-0001 V7\Obj\stm32f4xx_hal.o"
#        "C:\!école\Session_5\_ProjetFinal\Projet_5e_Usine\UniteDeGestion\EWARM\247-637
#        S-0001 V7\Obj\stm32f4xx_hal_can.o"
#        "C:\!école\Session_5\_ProjetFinal\Projet_5e_Usine\UniteDeGestion\EWARM\247-637
#        S-0001 V7\Obj\stm32f4xx_hal_cortex.o"
#        "C:\!école\Session_5\_ProjetFinal\Projet_5e_Usine\UniteDeGestion\EWARM\247-637
#        S-0001 V7\Obj\stm32f4xx_hal_dma.o"
#        "C:\!école\Session_5\_ProjetFinal\Projet_5e_Usine\UniteDeGestion\EWARM\247-637
#        S-0001 V7\Obj\stm32f4xx_hal_dma_ex.o"
#        "C:\!école\Session_5\_ProjetFinal\Projet_5e_Usine\UniteDeGestion\EWARM\247-637
#        S-0001 V7\Obj\stm32f4xx_hal_exti.o"
#        "C:\!école\Session_5\_ProjetFinal\Projet_5e_Usine\UniteDeGestion\EWARM\247-637
#        S-0001 V7\Obj\stm32f4xx_hal_flash.o"
#        "C:\!école\Session_5\_ProjetFinal\Projet_5e_Usine\UniteDeGestion\EWARM\247-637
#        S-0001 V7\Obj\stm32f4xx_hal_flash_ex.o"
#        "C:\!école\Session_5\_ProjetFinal\Projet_5e_Usine\UniteDeGestion\EWARM\247-637
#        S-0001 V7\Obj\stm32f4xx_hal_flash_ramfunc.o"
#        "C:\!école\Session_5\_ProjetFinal\Projet_5e_Usine\UniteDeGestion\EWARM\247-637
#        S-0001 V7\Obj\stm32f4xx_hal_gpio.o"
#        "C:\!école\Session_5\_ProjetFinal\Projet_5e_Usine\UniteDeGestion\EWARM\247-637
#        S-0001 V7\Obj\stm32f4xx_hal_msp.o"
#        "C:\!école\Session_5\_ProjetFinal\Projet_5e_Usine\UniteDeGestion\EWARM\247-637
#        S-0001 V7\Obj\stm32f4xx_hal_pwr.o"
#        "C:\!école\Session_5\_ProjetFinal\Projet_5e_Usine\UniteDeGestion\EWARM\247-637
#        S-0001 V7\Obj\stm32f4xx_hal_pwr_ex.o"
#        "C:\!école\Session_5\_ProjetFinal\Projet_5e_Usine\UniteDeGestion\EWARM\247-637
#        S-0001 V7\Obj\stm32f4xx_hal_rcc.o"
#        "C:\!école\Session_5\_ProjetFinal\Projet_5e_Usine\UniteDeGestion\EWARM\247-637
#        S-0001 V7\Obj\stm32f4xx_hal_rcc_ex.o"
#        "C:\!école\Session_5\_ProjetFinal\Projet_5e_Usine\UniteDeGestion\EWARM\247-637
#        S-0001 V7\Obj\stm32f4xx_hal_tim.o"
#        "C:\!école\Session_5\_ProjetFinal\Projet_5e_Usine\UniteDeGestion\EWARM\247-637
#        S-0001 V7\Obj\stm32f4xx_hal_tim_ex.o"
#        "C:\!école\Session_5\_ProjetFinal\Projet_5e_Usine\UniteDeGestion\EWARM\247-637
#        S-0001 V7\Obj\stm32f4xx_hal_uart.o"
#        "C:\!école\Session_5\_ProjetFinal\Projet_5e_Usine\UniteDeGestion\EWARM\247-637
#        S-0001 V7\Obj\stm32f4xx_it.o"
#        "C:\!école\Session_5\_ProjetFinal\Projet_5e_Usine\UniteDeGestion\EWARM\247-637
#        S-0001 V7\Obj\system_stm32f4xx.o" --redirect _Printf=_PrintfFull
#        --redirect _Scanf=_ScanfFull --no_out_extension -o
#        "C:\!école\Session_5\_ProjetFinal\Projet_5e_Usine\UniteDeGestion\EWARM\247-637
#        S-0001 V7\Exe\247-637 S-0001 V7.out" --map
#        "C:\!école\Session_5\_ProjetFinal\Projet_5e_Usine\UniteDeGestion\EWARM\247-637
#        S-0001 V7\List\247-637 S-0001 V7.map" --config
#        C:\!école\Session_5\_ProjetFinal\Projet_5e_Usine\UniteDeGestion\EWARM/stm32f407xx_flash.icf
#        --semihosting --entry __iar_program_start --vfe --text_out locale)
#
###############################################################################

*******************************************************************************
*** RUNTIME MODEL ATTRIBUTES
***

CppFlavor       = *
__SystemLibrary = DLib
__dlib_version  = 6


*******************************************************************************
*** HEAP SELECTION
***

The basic heap was selected because no calls to memory allocation
functions were found in the application outside of system library
functions, and there are calls to deallocation functions in the
application.


*******************************************************************************
*** PLACEMENT SUMMARY
***

"A0":  place at address 0x800'0000 { ro section .intvec };
"P1":  place in [from 0x800'0000 to 0x80f'ffff] { ro };
define block CSTACK with size = 1K, alignment = 8 { };
define block HEAP with size = 512, alignment = 8 { };
"P2":  place in [from 0x2000'0000 to 0x2001'ffff] {
          rw, block CSTACK, block HEAP };
initialize by copy { rw };

  Section            Kind         Address    Size  Object
  -------            ----         -------    ----  ------
"A0":                                       0x188
  .intvec            ro code   0x800'0000   0x188  startup_stm32f407xx.o [1]
                             - 0x800'0188   0x188

"P1":                                      0x2414
  .text              ro code   0x800'0188   0x4cc  stm32f4xx_hal_can.o [1]
  .text              ro code   0x800'0654   0x158  stm32f4xx_hal_msp.o [1]
  .text              ro code   0x800'07ac     0xc  stm32f4xx_hal.o [1]
  .text              ro code   0x800'07b8    0xf0  stm32f4xx_hal_cortex.o [1]
  .text              ro code   0x800'08a8    0x14  memset.o [4]
  .text              ro code   0x800'08bc   0x1ec  stm32f4xx_hal_gpio.o [1]
  .text              ro code   0x800'0aa8    0x66  ABImemset.o [4]
  .text              ro code   0x800'0b0e    0x3a  zero_init3.o [4]
  .text              ro code   0x800'0b48   0x412  main.o [1]
  .text              ro code   0x800'0f5a    0x2e  copy_init3.o [4]
  .text              ro code   0x800'0f88    0x28  piloteTimer6Up.o [1]
  .text              ro code   0x800'0fb0    0x48  piloteUSART2.o [1]
  .text              ro code   0x800'0ff8    0x48  serviceBaseDeTemps.o [1]
  .text              ro code   0x800'1040   0x30c  serviceProtocole637.o [1]
  .text              ro code   0x800'134c    0xcc  serviceinterface637.o [1]
  .text              ro code   0x800'1418    0xd0  serviceProtocoleCAN.o [1]
  .text              ro code   0x800'14e8    0xa0  piloteCAN1.o [1]
  .text              ro code   0x800'1588    0x34  stm32f4xx_hal.o [1]
  .text              ro code   0x800'15bc   0x334  stm32f4xx_hal_rcc.o [1]
  .text              ro code   0x800'18f0   0x1c4  stm32f4xx_hal_rcc.o [1]
  .text              ro code   0x800'1ab4   0x304  stm32f4xx_hal_tim.o [1]
  .text              ro code   0x800'1db8    0x90  stm32f4xx_hal_tim_ex.o [1]
  .text              ro code   0x800'1e48   0x138  stm32f4xx_hal_uart.o [1]
  .text              ro code   0x800'1f80    0x48  stm32f4xx_hal.o [1]
  .text              ro code   0x800'1fc8   0x230  I64DivMod.o [4]
  .text              ro code   0x800'21f8     0x2  stm32f4xx_hal_tim.o [1]
  .text              ro code   0x800'21fa     0x2  stm32f4xx_hal_tim.o [1]
  .text              ro code   0x800'21fc     0x2  stm32f4xx_hal_tim.o [1]
  .text              ro code   0x800'21fe     0x2  stm32f4xx_hal_tim_ex.o [1]
  .text              ro code   0x800'2200     0x2  stm32f4xx_hal_tim.o [1]
  .text              ro code   0x800'2202     0x2  stm32f4xx_hal_tim_ex.o [1]
  .text              ro code   0x800'2204     0x2  I64DivZer.o [4]
  .text              ro code   0x800'2208    0xa6  ABImemcpy.o [4]
  .text              ro code   0x800'22b0    0x60  system_stm32f4xx.o [1]
  .text              ro code   0x800'2310    0x28  data_init.o [4]
  .text              ro code   0x800'2338    0x22  fpinit_M.o [3]
  .iar.init_table    const     0x800'235c    0x24  - Linker created -
  .text              ro code   0x800'2380    0x20  ProcessusPasserelle.o [1]
  .text              ro code   0x800'23a0    0x1e  cmain.o [4]
  .text              ro code   0x800'23be     0x4  low_level_init.o [2]
  .text              ro code   0x800'23c2     0x4  exit.o [2]
  .text              ro code   0x800'23c8     0xa  cexit.o [4]
  .text              ro code   0x800'23d4    0x14  exit.o [5]
  .text              ro code   0x800'23e8    0x10  startup_stm32f407xx.o [1]
  .text              ro code   0x800'23f8    0x10  stm32f4xx_hal.o [1]
  .text              ro code   0x800'2408    0x10  stm32f4xx_it.o [1]
  Initializer bytes  const     0x800'2418    0x10  <for P2-1>
  .text              ro code   0x800'2428     0xc  cstartup_M.o [4]
  .rodata            const     0x800'2434     0x8  system_stm32f4xx.o [1]
  .text              ro code   0x800'243c     0x4  startup_stm32f407xx.o [1]
  .text              ro code   0x800'2440     0x4  startup_stm32f407xx.o [1]
  .text              ro code   0x800'2444     0x4  startup_stm32f407xx.o [1]
  .text              ro code   0x800'2448     0x4  startup_stm32f407xx.o [1]
  .text              ro code   0x800'244c     0x4  startup_stm32f407xx.o [1]
  .text              ro code   0x800'2450     0x4  startup_stm32f407xx.o [1]
  .text              ro code   0x800'2454     0x4  startup_stm32f407xx.o [1]
  .text              ro code   0x800'2458     0x4  startup_stm32f407xx.o [1]
  .text              ro code   0x800'245c     0x4  startup_stm32f407xx.o [1]
  .text              ro code   0x800'2460     0x4  startup_stm32f407xx.o [1]
  .text              ro code   0x800'2464     0x4  startup_stm32f407xx.o [1]
  .text              ro code   0x800'2468     0x4  startup_stm32f407xx.o [1]
  .text              ro code   0x800'246c     0x4  startup_stm32f407xx.o [1]
  .text              ro code   0x800'2470     0x4  startup_stm32f407xx.o [1]
  .text              ro code   0x800'2474     0x4  startup_stm32f407xx.o [1]
  .text              ro code   0x800'2478     0x4  startup_stm32f407xx.o [1]
  .text              ro code   0x800'247c     0x4  startup_stm32f407xx.o [1]
  .text              ro code   0x800'2480     0x4  startup_stm32f407xx.o [1]
  .text              ro code   0x800'2484     0x4  startup_stm32f407xx.o [1]
  .text              ro code   0x800'2488     0x4  startup_stm32f407xx.o [1]
  .text              ro code   0x800'248c     0x4  startup_stm32f407xx.o [1]
  .text              ro code   0x800'2490     0x4  startup_stm32f407xx.o [1]
  .text              ro code   0x800'2494     0x4  startup_stm32f407xx.o [1]
  .text              ro code   0x800'2498     0x4  startup_stm32f407xx.o [1]
  .text              ro code   0x800'249c     0x4  startup_stm32f407xx.o [1]
  .text              ro code   0x800'24a0     0x4  startup_stm32f407xx.o [1]
  .text              ro code   0x800'24a4     0x4  startup_stm32f407xx.o [1]
  .text              ro code   0x800'24a8     0x4  startup_stm32f407xx.o [1]
  .text              ro code   0x800'24ac     0x4  startup_stm32f407xx.o [1]
  .text              ro code   0x800'24b0     0x4  startup_stm32f407xx.o [1]
  .text              ro code   0x800'24b4     0x4  startup_stm32f407xx.o [1]
  .text              ro code   0x800'24b8     0x4  startup_stm32f407xx.o [1]
  .text              ro code   0x800'24bc     0x4  startup_stm32f407xx.o [1]
  .text              ro code   0x800'24c0     0x4  startup_stm32f407xx.o [1]
  .text              ro code   0x800'24c4     0x4  startup_stm32f407xx.o [1]
  .text              ro code   0x800'24c8     0x4  startup_stm32f407xx.o [1]
  .text              ro code   0x800'24cc     0x4  startup_stm32f407xx.o [1]
  .text              ro code   0x800'24d0     0x4  startup_stm32f407xx.o [1]
  .text              ro code   0x800'24d4     0x4  startup_stm32f407xx.o [1]
  .text              ro code   0x800'24d8     0x4  startup_stm32f407xx.o [1]
  .text              ro code   0x800'24dc     0x4  startup_stm32f407xx.o [1]
  .text              ro code   0x800'24e0     0x4  startup_stm32f407xx.o [1]
  .text              ro code   0x800'24e4     0x4  startup_stm32f407xx.o [1]
  .text              ro code   0x800'24e8     0x4  startup_stm32f407xx.o [1]
  .text              ro code   0x800'24ec     0x4  startup_stm32f407xx.o [1]
  .text              ro code   0x800'24f0     0x4  startup_stm32f407xx.o [1]
  .text              ro code   0x800'24f4     0x4  startup_stm32f407xx.o [1]
  .text              ro code   0x800'24f8     0x4  startup_stm32f407xx.o [1]
  .text              ro code   0x800'24fc     0x4  startup_stm32f407xx.o [1]
  .text              ro code   0x800'2500     0x4  startup_stm32f407xx.o [1]
  .text              ro code   0x800'2504     0x4  startup_stm32f407xx.o [1]
  .text              ro code   0x800'2508     0x4  startup_stm32f407xx.o [1]
  .text              ro code   0x800'250c     0x4  startup_stm32f407xx.o [1]
  .text              ro code   0x800'2510     0x4  startup_stm32f407xx.o [1]
  .text              ro code   0x800'2514     0x4  startup_stm32f407xx.o [1]
  .text              ro code   0x800'2518     0x4  startup_stm32f407xx.o [1]
  .text              ro code   0x800'251c     0x4  startup_stm32f407xx.o [1]
  .text              ro code   0x800'2520     0x4  startup_stm32f407xx.o [1]
  .text              ro code   0x800'2524     0x4  startup_stm32f407xx.o [1]
  .text              ro code   0x800'2528     0x4  startup_stm32f407xx.o [1]
  .text              ro code   0x800'252c     0x4  startup_stm32f407xx.o [1]
  .text              ro code   0x800'2530     0x4  startup_stm32f407xx.o [1]
  .text              ro code   0x800'2534     0x4  startup_stm32f407xx.o [1]
  .text              ro code   0x800'2538     0x4  startup_stm32f407xx.o [1]
  .text              ro code   0x800'253c     0x4  startup_stm32f407xx.o [1]
  .text              ro code   0x800'2540     0x4  startup_stm32f407xx.o [1]
  .text              ro code   0x800'2544     0x4  startup_stm32f407xx.o [1]
  .text              ro code   0x800'2548     0x4  startup_stm32f407xx.o [1]
  .text              ro code   0x800'254c     0x4  startup_stm32f407xx.o [1]
  .text              ro code   0x800'2550     0x4  startup_stm32f407xx.o [1]
  .text              ro code   0x800'2554     0x4  startup_stm32f407xx.o [1]
  .text              ro code   0x800'2558     0x4  startup_stm32f407xx.o [1]
  .text              ro code   0x800'255c     0x4  startup_stm32f407xx.o [1]
  .text              ro code   0x800'2560     0x4  startup_stm32f407xx.o [1]
  .text              ro code   0x800'2564     0x4  startup_stm32f407xx.o [1]
  .text              ro code   0x800'2568     0x4  startup_stm32f407xx.o [1]
  .text              ro code   0x800'256c     0x4  startup_stm32f407xx.o [1]
  .text              ro code   0x800'2570     0x4  startup_stm32f407xx.o [1]
  .text              ro code   0x800'2574     0x4  startup_stm32f407xx.o [1]
  .text              ro code   0x800'2578     0x4  startup_stm32f407xx.o [1]
  .text              ro code   0x800'257c     0x4  startup_stm32f407xx.o [1]
  .text              ro code   0x800'2580     0x4  startup_stm32f407xx.o [1]
  .text              ro code   0x800'2584     0x4  startup_stm32f407xx.o [1]
  .text              ro code   0x800'2588     0x4  startup_stm32f407xx.o [1]
  .text              ro code   0x800'258c     0x4  startup_stm32f407xx.o [1]
  .text              ro code   0x800'2590     0x4  startup_stm32f407xx.o [1]
  .text              ro code   0x800'2594     0x4  startup_stm32f407xx.o [1]
  .text              ro code   0x800'2598     0x4  startup_stm32f407xx.o [1]
  .rodata            const     0x800'259c     0x0  zero_init3.o [4]
  .rodata            const     0x800'259c     0x0  copy_init3.o [4]
                             - 0x800'259c  0x2414

"P2", part 1 of 3:                           0x10
  P2-1                        0x2000'0000    0x10  <Init block>
    .data            inited   0x2000'0000     0xc  stm32f4xx_hal.o [1]
    .data            inited   0x2000'000c     0x4  system_stm32f4xx.o [1]
                            - 0x2000'0010    0x10

"P2", part 2 of 3:                          0x184
  .bss               zero     0x2000'0010    0x48  main.o [1]
  .bss               zero     0x2000'0058    0x48  main.o [1]
  .bss               zero     0x2000'00a0    0x44  piloteCAN1.o [1]
  .bss               zero     0x2000'00e4    0x28  main.o [1]
  .bss               zero     0x2000'010c    0x20  serviceBaseDeTemps.o [1]
  .bss               zero     0x2000'012c    0x20  serviceProtocole637.o [1]
  .bss               zero     0x2000'014c    0x1c  piloteCAN1.o [1]
  .bss               zero     0x2000'0168    0x1a  serviceProtocoleCAN.o [1]
  .bss               zero     0x2000'0184     0xc  serviceinterface637.o [1]
  .bss               zero     0x2000'0190     0x4  piloteTimer6Up.o [1]
                            - 0x2000'0194   0x184

"P2", part 3 of 3:                          0x400
  CSTACK                      0x2000'0198   0x400  <Block>
    CSTACK           uninit   0x2000'0198   0x400  <Block tail>
                            - 0x2000'0598   0x400

Unused ranges:

         From           To      Size
         ----           --      ----
   0x800'259c   0x80f'ffff  0xf'da64
  0x2000'0194  0x2000'0197       0x4
  0x2000'0598  0x2001'ffff  0x1'fa68


*******************************************************************************
*** INIT TABLE
***

          Address      Size
          -------      ----
Zero (__iar_zero_init3)
    1 destination range, total size 0x184:
          0x2000'0010  0x184

Copy (__iar_copy_init3)
    1 source range, total size 0x10:
           0x800'2418   0x10
    1 destination range, total size 0x10:
          0x2000'0000   0x10



*******************************************************************************
*** MODULE SUMMARY
***

    Module                  ro code  ro data  rw data
    ------                  -------  -------  -------
command line/config:
    -------------------------------------------------
    Total:

C:\!école\Session_5\_ProjetFinal\Projet_5e_Usine\UniteDeGestion\EWARM\247-637 S-0001 V7\Obj: [1]
    ProcessusPasserelle.o        32
    main.o                    1'042               184
    piloteCAN1.o                160                96
    piloteTimer6Up.o             40                 4
    piloteUSART2.o               72
    serviceBaseDeTemps.o         72                32
    serviceProtocole637.o       780                32
    serviceProtocoleCAN.o       208                26
    serviceinterface637.o       204                12
    startup_stm32f407xx.o       760
    stm32f4xx_hal.o             152       12       12
    stm32f4xx_hal_can.o       1'228
    stm32f4xx_hal_cortex.o      240
    stm32f4xx_hal_gpio.o        492
    stm32f4xx_hal_msp.o         344
    stm32f4xx_hal_rcc.o       1'272
    stm32f4xx_hal_tim.o         780
    stm32f4xx_hal_tim_ex.o      148
    stm32f4xx_hal_uart.o        312
    stm32f4xx_it.o               16
    system_stm32f4xx.o           96       12        4
    -------------------------------------------------
    Total:                    8'450       24      402

dl7M_tln.a: [2]
    exit.o                        4
    low_level_init.o              4
    -------------------------------------------------
    Total:                        8

m7M_tls.a: [3]
    fpinit_M.o                   34
    -------------------------------------------------
    Total:                       34

rt7M_tl.a: [4]
    ABImemcpy.o                 166
    ABImemset.o                 102
    I64DivMod.o                 560
    I64DivZer.o                   2
    cexit.o                      10
    cmain.o                      30
    copy_init3.o                 46
    cstartup_M.o                 12
    data_init.o                  40
    memset.o                     20
    zero_init3.o                 58
    -------------------------------------------------
    Total:                    1'046

shb_l.a: [5]
    exit.o                       20
    -------------------------------------------------
    Total:                       20

    Gaps                          8        2        2
    Linker created                        36    1'024
-----------------------------------------------------
    Grand Total:              9'566       62    1'428


*******************************************************************************
*** ENTRY LIST
***

Entry                       Address   Size  Type      Object
-----                       -------   ----  ----      ------
.iar.init_table$$Base    0x800'235c          --   Gb  - Linker created -
.iar.init_table$$Limit   0x800'2380          --   Gb  - Linker created -
?main                    0x800'23a1         Code  Gb  cmain.o [4]
AHBPrescTable            0x800'2300   0x10  Data  Gb  system_stm32f4xx.o [1]
APBPrescTable            0x800'2434    0x8  Data  Gb  system_stm32f4xx.o [1]
CSTACK$$Base            0x2000'0198          --   Gb  - Linker created -
CSTACK$$Limit           0x2000'0598          --   Gb  - Linker created -
Error_Handler            0x800'0f59    0x2  Code  Gb  main.o [1]
HAL_CAN_AddTxMessage     0x800'040d   0xc8  Code  Gb  stm32f4xx_hal_can.o [1]
HAL_CAN_ConfigFilter     0x800'02bb   0xf0  Code  Gb  stm32f4xx_hal_can.o [1]
HAL_CAN_GetRxFifoFillLevel
                         0x800'062f   0x26  Code  Gb  stm32f4xx_hal_can.o [1]
HAL_CAN_GetRxMessage     0x800'0501  0x12e  Code  Gb  stm32f4xx_hal_can.o [1]
HAL_CAN_GetTxMailboxesFreeLevel
                         0x800'04d5   0x2c  Code  Gb  stm32f4xx_hal_can.o [1]
HAL_CAN_Init             0x800'0189  0x132  Code  Gb  stm32f4xx_hal_can.o [1]
HAL_CAN_MspInit          0x800'068d   0x66  Code  Gb  stm32f4xx_hal_msp.o [1]
HAL_CAN_Start            0x800'03ab   0x58  Code  Gb  stm32f4xx_hal_can.o [1]
HAL_GPIO_Init            0x800'08bd  0x1b2  Code  Gb  stm32f4xx_hal_gpio.o [1]
HAL_GPIO_WritePin        0x800'0a6f    0xe  Code  Gb  stm32f4xx_hal_gpio.o [1]
HAL_GetTick              0x800'07ad    0xc  Code  Wk  stm32f4xx_hal.o [1]
HAL_IncTick              0x800'23f9   0x10  Code  Wk  stm32f4xx_hal.o [1]
HAL_Init                 0x800'1589   0x30  Code  Gb  stm32f4xx_hal.o [1]
HAL_InitTick             0x800'1f81   0x48  Code  Wk  stm32f4xx_hal.o [1]
HAL_MspInit              0x800'0655   0x38  Code  Gb  stm32f4xx_hal_msp.o [1]
HAL_NVIC_EnableIRQ       0x800'088b    0x2  Code  Gb  stm32f4xx_hal_cortex.o [1]
HAL_NVIC_SetPriority     0x800'086d   0x1e  Code  Gb  stm32f4xx_hal_cortex.o [1]
HAL_NVIC_SetPriorityGrouping
                         0x800'086b    0x2  Code  Gb  stm32f4xx_hal_cortex.o [1]
HAL_RCC_ClockConfig      0x800'18f1  0x110  Code  Gb  stm32f4xx_hal_rcc.o [1]
HAL_RCC_GetHCLKFreq      0x800'1a01    0x6  Code  Gb  stm32f4xx_hal_rcc.o [1]
HAL_RCC_GetPCLK1Freq     0x800'1a07   0x16  Code  Gb  stm32f4xx_hal_rcc.o [1]
HAL_RCC_GetPCLK2Freq     0x800'1a1d   0x16  Code  Gb  stm32f4xx_hal_rcc.o [1]
HAL_RCC_OscConfig        0x800'15bd  0x334  Code  Wk  stm32f4xx_hal_rcc.o [1]
HAL_SYSTICK_Config       0x800'088d    0x2  Code  Gb  stm32f4xx_hal_cortex.o [1]
HAL_TIMEx_BreakCallback
                         0x800'21ff    0x2  Code  Wk  stm32f4xx_hal_tim_ex.o [1]
HAL_TIMEx_CommutCallback
                         0x800'2203    0x2  Code  Wk  stm32f4xx_hal_tim_ex.o [1]
HAL_TIMEx_MasterConfigSynchronization
                         0x800'1db9   0x70  Code  Gb  stm32f4xx_hal_tim_ex.o [1]
HAL_TIM_Base_Init        0x800'1ab5   0x44  Code  Gb  stm32f4xx_hal_tim.o [1]
HAL_TIM_Base_MspInit     0x800'06f3   0x38  Code  Gb  stm32f4xx_hal_msp.o [1]
HAL_TIM_Base_Start_IT    0x800'1af9   0x7c  Code  Gb  stm32f4xx_hal_tim.o [1]
HAL_TIM_IRQHandler       0x800'1b91  0x13a  Code  Gb  stm32f4xx_hal_tim.o [1]
HAL_TIM_PeriodElapsedCallback
                         0x800'0f89    0xe  Code  Gb  piloteTimer6Up.o [1]
HAL_UART_Init            0x800'1e49   0x60  Code  Gb  stm32f4xx_hal_uart.o [1]
HAL_UART_MspInit         0x800'072b   0x66  Code  Gb  stm32f4xx_hal_msp.o [1]
MX_CAN1_Init             0x800'0c41   0x38  Code  Lc  main.o [1]
MX_GPIO_Init             0x800'0cf3  0x22c  Code  Lc  main.o [1]
MX_TIM6_Init             0x800'0c79   0x4a  Code  Lc  main.o [1]
MX_USART2_UART_Init      0x800'0cc3   0x30  Code  Lc  main.o [1]
NVIC_EncodePriority      0x800'080d   0x36  Code  Lc  stm32f4xx_hal_cortex.o [1]
Region$$Table$$Base      0x800'235c          --   Gb  - Linker created -
Region$$Table$$Limit     0x800'2380          --   Gb  - Linker created -
SysTick_Config           0x800'0843   0x28  Code  Lc  stm32f4xx_hal_cortex.o [1]
SysTick_Handler          0x800'2409    0x4  Code  Gb  stm32f4xx_it.o [1]
SystemClock_Config       0x800'0b9b   0xa6  Code  Gb  main.o [1]
SystemCoreClock         0x2000'000c    0x4  Data  Gb  system_stm32f4xx.o [1]
SystemInit               0x800'22b1   0x3a  Code  Gb  system_stm32f4xx.o [1]
TIM6_DAC_IRQHandler      0x800'240d    0x6  Code  Gb  stm32f4xx_it.o [1]
TIM_Base_SetConfig       0x800'1ccb   0xc0  Code  Gb  stm32f4xx_hal_tim.o [1]
UART_SetConfig           0x800'1ea9   0xca  Code  Lc  stm32f4xx_hal_uart.o [1]
__NVIC_EnableIRQ         0x800'07dd   0x16  Code  Lc  stm32f4xx_hal_cortex.o [1]
__NVIC_GetPriorityGrouping
                         0x800'07d3    0xa  Code  Lc  stm32f4xx_hal_cortex.o [1]
__NVIC_SetPriority       0x800'07f3   0x1a  Code  Lc  stm32f4xx_hal_cortex.o [1]
__NVIC_SetPriorityGrouping
                         0x800'07b9   0x1a  Code  Lc  stm32f4xx_hal_cortex.o [1]
__aeabi_ldiv0            0x800'2205         Code  Gb  I64DivZer.o [4]
__aeabi_memcpy           0x800'2209         Code  Gb  ABImemcpy.o [4]
__aeabi_memcpy4          0x800'2229         Code  Gb  ABImemcpy.o [4]
__aeabi_memcpy8          0x800'2229         Code  Gb  ABImemcpy.o [4]
__aeabi_memset           0x800'0aa9         Code  Gb  ABImemset.o [4]
__aeabi_uldivmod         0x800'1fc9         Code  Gb  I64DivMod.o [4]
__cmain                  0x800'23a1         Code  Gb  cmain.o [4]
__exit                   0x800'23d5   0x14  Code  Gb  exit.o [5]
__iar_Memset             0x800'0aa9         Code  Gb  ABImemset.o [4]
__iar_Memset_word        0x800'0ab1         Code  Gb  ABImemset.o [4]
__iar_copy_init3         0x800'0f5b   0x2e  Code  Gb  copy_init3.o [4]
__iar_data_init3         0x800'2311   0x28  Code  Gb  data_init.o [4]
__iar_init_vfp           0x800'2339         Code  Gb  fpinit_M.o [3]
__iar_program_start      0x800'2429         Code  Gb  cstartup_M.o [4]
__iar_zero_init3         0x800'0b0f   0x3a  Code  Gb  zero_init3.o [4]
__low_level_init         0x800'23bf    0x4  Code  Gb  low_level_init.o [2]
__vector_table           0x800'0000         Data  Gb  startup_stm32f407xx.o [1]
_call_main               0x800'23ad         Code  Gb  cmain.o [4]
_exit                    0x800'23c9         Code  Gb  cexit.o [4]
_main                    0x800'23bb         Code  Gb  cmain.o [4]
exit                     0x800'23c3    0x4  Code  Gb  exit.o [2]
hcan1                   0x2000'00e4   0x28  Data  Gb  main.o [1]
htim6                   0x2000'0010   0x48  Data  Gb  main.o [1]
huart2                  0x2000'0058   0x48  Data  Gb  main.o [1]
interfaceS0008          0x2000'0184    0xc  Data  Gb  serviceinterface637.o [1]
interfaceS0008_gereLaReception
                         0x800'13a1   0x2e  Code  Gb  serviceinterface637.o [1]
interfaceS0008_gereLaTransmission
                         0x800'13cf   0x20  Code  Gb  serviceinterface637.o [1]
interfaceS0008_initialise
                         0x800'13ef   0x14  Code  Gb  serviceinterface637.o [1]
interfaceS0008_prepareLaTransmission
                         0x800'1385   0x1c  Code  Gb  serviceinterface637.o [1]
interfaceS0008_recupereLesDonneesRecues
                         0x800'134d   0x18  Code  Gb  serviceinterface637.o [1]
interfaceS0008_valideLaReception
                         0x800'1365   0x20  Code  Gb  serviceinterface637.o [1]
main                     0x800'0b77   0x24  Code  Gb  main.o [1]
main_initialiseApresLeHAL
                         0x800'0b67    0xe  Code  Gb  main.o [1]
main_initialiseAvantLeHAL
                         0x800'0b49   0x1e  Code  Gb  main.o [1]
memset                   0x800'08a9   0x14  Code  Gb  memset.o [4]
neFaitRien               0x800'0b75    0x2  Code  Gb  main.o [1]
piloteCAN1_CasierPostal
                        0x2000'00e0    0x4  Data  Gb  piloteCAN1.o [1]
piloteCAN1_filtre       0x2000'00b8   0x28  Data  Gb  piloteCAN1.o [1]
piloteCAN1_initialise    0x800'152d   0x50  Code  Gb  piloteCAN1.o [1]
piloteCAN1_litUnMessageRecu
                         0x800'14f7   0x16  Code  Gb  piloteCAN1.o [1]
piloteCAN1_messageDisponible
                         0x800'14e9    0x8  Code  Gb  piloteCAN1.o [1]
piloteCAN1_messageTransmis
                         0x800'14f1    0x6  Code  Gb  piloteCAN1.o [1]
piloteCAN1_reception    0x2000'014c   0x1c  Data  Gb  piloteCAN1.o [1]
piloteCAN1_transmetDesDonnes
                         0x800'150d   0x20  Code  Gb  piloteCAN1.o [1]
piloteCAN1_transmission
                        0x2000'00a0   0x18  Data  Gb  piloteCAN1.o [1]
piloteTimer6Up_execute  0x2000'0190    0x4  Data  Gb  piloteTimer6Up.o [1]
piloteTimer6Up_initialise
                         0x800'0f9d    0x8  Code  Gb  piloteTimer6Up.o [1]
piloteTimer6Up_permetLesInterruptions
                         0x800'0f97    0x6  Code  Gb  piloteTimer6Up.o [1]
piloteUSART2_confirmeLaReception
                         0x800'0fd1    0xc  Code  Gb  piloteUSART2.o [1]
piloteUSART2_initialise
                         0x800'0fdd   0x14  Code  Gb  piloteUSART2.o [1]
piloteUSART2_litUnOctetRecu
                         0x800'0fbf    0xa  Code  Gb  piloteUSART2.o [1]
piloteUSART2_octetDisponible
                         0x800'0fb1    0xe  Code  Gb  piloteUSART2.o [1]
piloteUSART2_transmet    0x800'0fc9    0x8  Code  Gb  piloteUSART2.o [1]
processusPasserelle_copieDansUART
                         0x800'2381   0x16  Code  Gb  ProcessusPasserelle.o [1]
serviceBaseDeTemps_execute
                        0x2000'010c   0x20  Data  Gb  serviceBaseDeTemps.o [1]
serviceBaseDeTemps_gere
                         0x800'0ff9   0x1a  Code  Gb  serviceBaseDeTemps.o [1]
serviceBaseDeTemps_initialise
                         0x800'1013   0x1e  Code  Gb  serviceBaseDeTemps.o [1]
serviceProtocole637     0x2000'012c   0x18  Data  Gb  serviceProtocole637.o [1]
serviceProtocole637_attendLaLongueur
                         0x800'1159   0x60  Code  Gb  serviceProtocole637.o [1]
serviceProtocole637_attendUnChecksum
                         0x800'1279   0x54  Code  Gb  serviceProtocole637.o [1]
serviceProtocole637_attendUnDebut
                         0x800'1131   0x28  Code  Gb  serviceProtocole637.o [1]
serviceProtocole637_attendUnZero
                         0x800'121d   0x5c  Code  Gb  serviceProtocole637.o [1]
serviceProtocole637_attendUneDonnee
                         0x800'11b9   0x64  Code  Gb  serviceProtocole637.o [1]
serviceProtocole637_attendUneRequete
                         0x800'1041   0x22  Code  Gb  serviceProtocole637.o [1]
serviceProtocole637_checksumDeReception
                        0x2000'014a    0x1  Data  Gb  serviceProtocole637.o [1]
serviceProtocole637_checksumDeTransmission
                        0x2000'014b    0x1  Data  Gb  serviceProtocole637.o [1]
serviceProtocole637_compteurDeReceptions
                        0x2000'0147    0x1  Data  Gb  serviceProtocole637.o [1]
serviceProtocole637_compteurDeSynchronisationDesReceptions
                        0x2000'0145    0x1  Data  Gb  serviceProtocole637.o [1]
serviceProtocole637_compteurDeSynchronisationDesTransmissions
                        0x2000'0144    0x1  Data  Gb  serviceProtocole637.o [1]
serviceProtocole637_compteurDeTempsDAttente
                        0x2000'0148    0x1  Data  Gb  serviceProtocole637.o [1]
serviceProtocole637_compteurDeTransmissions
                        0x2000'0146    0x1  Data  Gb  serviceProtocole637.o [1]
serviceProtocole637_gereLaSynchronisationDesReceptions
                         0x800'12cd   0x1a  Code  Gb  serviceProtocole637.o [1]
serviceProtocole637_gereLaSynchronisationDesTransmissions
                         0x800'1117   0x1a  Code  Gb  serviceProtocole637.o [1]
serviceProtocole637_gereLeTempsDAttente
                         0x800'12e7   0x14  Code  Gb  serviceProtocole637.o [1]
serviceProtocole637_gereUneReception
                         0x800'12fb   0x1e  Code  Gb  serviceProtocole637.o [1]
serviceProtocole637_initialise
                         0x800'1319   0x1c  Code  Gb  serviceProtocole637.o [1]
serviceProtocole637_reception
                        0x2000'0149    0x1  Data  Gb  serviceProtocole637.o [1]
serviceProtocole637_transmetLaLongueur
                         0x800'1065   0x22  Code  Gb  serviceProtocole637.o [1]
serviceProtocole637_transmetUnChecksum
                         0x800'10f9   0x1e  Code  Gb  serviceProtocole637.o [1]
serviceProtocole637_transmetUnZero
                         0x800'10cd   0x2a  Code  Gb  serviceProtocole637.o [1]
serviceProtocole637_transmetUneDonnee
                         0x800'1089   0x44  Code  Gb  serviceProtocole637.o [1]
serviceProtocoleCAN     0x2000'0168   0x18  Data  Gb  serviceProtocoleCAN.o [1]
serviceProtocoleCAN_attendUneReception
                         0x800'1475   0x26  Code  Gb  serviceProtocoleCAN.o [1]
serviceProtocoleCAN_attendUneRequete
                         0x800'1419   0x12  Code  Gb  serviceProtocoleCAN.o [1]
serviceProtocoleCAN_compteurDeSynchronisationDesReceptions
                        0x2000'0181    0x1  Data  Gb  serviceProtocoleCAN.o [1]
serviceProtocoleCAN_compteurDeSynchronisationDesTransmissions
                        0x2000'0180    0x1  Data  Gb  serviceProtocoleCAN.o [1]
serviceProtocoleCAN_gereLaSynchronisationDesReceptions
                         0x800'149b   0x1a  Code  Gb  serviceProtocoleCAN.o [1]
serviceProtocoleCAN_gereLaSynchronisationDesTransmissions
                         0x800'145b   0x1a  Code  Gb  serviceProtocoleCAN.o [1]
serviceProtocoleCAN_initialise
                         0x800'14b5   0x1c  Code  Gb  serviceProtocoleCAN.o [1]
serviceProtocoleCAN_transmetUnBloc
                         0x800'142d   0x2e  Code  Gb  serviceProtocoleCAN.o [1]
uwTick                  0x2000'0004    0x4  Data  Gb  stm32f4xx_hal.o [1]
uwTickFreq              0x2000'0000    0x1  Data  Gb  stm32f4xx_hal.o [1]
uwTickPrio              0x2000'0008    0x4  Data  Gb  stm32f4xx_hal.o [1]


[1] = C:\!école\Session_5\_ProjetFinal\Projet_5e_Usine\UniteDeGestion\EWARM\247-637 S-0001 V7\Obj
[2] = dl7M_tln.a
[3] = m7M_tls.a
[4] = rt7M_tl.a
[5] = shb_l.a

  9'566 bytes of readonly  code memory
     62 bytes of readonly  data memory
  1'428 bytes of readwrite data memory

Errors: none
Warnings: none
